###############################################################################
#
# IAR ELF Linker V3.10.1.201 for STM8                     24/Apr/2019  09:31:48
# Copyright 2010-2017 IAR Systems AB.
#
#    Output file  =  D:\Design\LoRa\程序\LoRaV1.0\LoRa\Debug\Exe\LoRa.out
#    Map file     =  D:\Design\LoRa\程序\LoRaV1.0\LoRa\Debug\List\LoRa.map
#    Command line =  
#        -f C:\Users\ADMINI~1\AppData\Local\Temp\EWCC5B.tmp
#        (D:\Design\LoRa\程序\LoRaV1.0\LoRa\Debug\Obj\LoRa.o
#        D:\Design\LoRa\程序\LoRaV1.0\LoRa\Debug\Obj\main.o
#        D:\Design\LoRa\程序\LoRaV1.0\LoRa\Debug\Obj\stm8l15x_adc.o
#        D:\Design\LoRa\程序\LoRaV1.0\LoRa\Debug\Obj\stm8l15x_aes.o
#        D:\Design\LoRa\程序\LoRaV1.0\LoRa\Debug\Obj\stm8l15x_beep.o
#        D:\Design\LoRa\程序\LoRaV1.0\LoRa\Debug\Obj\stm8l15x_clk.o
#        D:\Design\LoRa\程序\LoRaV1.0\LoRa\Debug\Obj\stm8l15x_comp.o
#        D:\Design\LoRa\程序\LoRaV1.0\LoRa\Debug\Obj\stm8l15x_dac.o
#        D:\Design\LoRa\程序\LoRaV1.0\LoRa\Debug\Obj\stm8l15x_dma.o
#        D:\Design\LoRa\程序\LoRaV1.0\LoRa\Debug\Obj\stm8l15x_exti.o
#        D:\Design\LoRa\程序\LoRaV1.0\LoRa\Debug\Obj\stm8l15x_flash.o
#        D:\Design\LoRa\程序\LoRaV1.0\LoRa\Debug\Obj\stm8l15x_gpio.o
#        D:\Design\LoRa\程序\LoRaV1.0\LoRa\Debug\Obj\stm8l15x_i2c.o
#        D:\Design\LoRa\程序\LoRaV1.0\LoRa\Debug\Obj\stm8l15x_irtim.o
#        D:\Design\LoRa\程序\LoRaV1.0\LoRa\Debug\Obj\stm8l15x_it.o
#        D:\Design\LoRa\程序\LoRaV1.0\LoRa\Debug\Obj\stm8l15x_itc.o
#        D:\Design\LoRa\程序\LoRaV1.0\LoRa\Debug\Obj\stm8l15x_iwdg.o
#        D:\Design\LoRa\程序\LoRaV1.0\LoRa\Debug\Obj\stm8l15x_lcd.o
#        D:\Design\LoRa\程序\LoRaV1.0\LoRa\Debug\Obj\stm8l15x_pwr.o
#        D:\Design\LoRa\程序\LoRaV1.0\LoRa\Debug\Obj\stm8l15x_rst.o
#        D:\Design\LoRa\程序\LoRaV1.0\LoRa\Debug\Obj\stm8l15x_rtc.o
#        D:\Design\LoRa\程序\LoRaV1.0\LoRa\Debug\Obj\stm8l15x_spi.o
#        D:\Design\LoRa\程序\LoRaV1.0\LoRa\Debug\Obj\stm8l15x_syscfg.o
#        D:\Design\LoRa\程序\LoRaV1.0\LoRa\Debug\Obj\stm8l15x_tim1.o
#        D:\Design\LoRa\程序\LoRaV1.0\LoRa\Debug\Obj\stm8l15x_tim2.o
#        D:\Design\LoRa\程序\LoRaV1.0\LoRa\Debug\Obj\stm8l15x_tim3.o
#        D:\Design\LoRa\程序\LoRaV1.0\LoRa\Debug\Obj\stm8l15x_tim4.o
#        D:\Design\LoRa\程序\LoRaV1.0\LoRa\Debug\Obj\stm8l15x_tim5.o
#        D:\Design\LoRa\程序\LoRaV1.0\LoRa\Debug\Obj\stm8l15x_usart.o
#        D:\Design\LoRa\程序\LoRaV1.0\LoRa\Debug\Obj\stm8l15x_wfe.o
#        D:\Design\LoRa\程序\LoRaV1.0\LoRa\Debug\Obj\stm8l15x_wwdg.o
#        D:\Design\LoRa\程序\LoRaV1.0\LoRa\Debug\Obj\sx1278.o --redirect
#        _Printf=_PrintfSmall --redirect _Scanf=_ScanfSmall -o
#        D:\Design\LoRa\程序\LoRaV1.0\LoRa\Debug\Exe\LoRa.out --map
#        D:\Design\LoRa\程序\LoRaV1.0\LoRa\Debug\List\LoRa.map --config
#        "C:\Program Files (x86)\IAR Systems\Embedded Workbench
#        8.0\stm8\config\lnkstm8l051f3.icf" --config_def _CSTACK_SIZE=0x100
#        --config_def _HEAP_SIZE=0x100 --entry __iar_program_start --debug_lib)
#
###############################################################################

*******************************************************************************
*** RUNTIME MODEL ATTRIBUTES
***

__SystemLibrary            = DLib
__code_model               = small
__core                     = stm8
__data_model               = medium
__dlib_file_descriptor     = 0
__dlib_full_locale_support = 0
__rt_version               = 4


*******************************************************************************
*** PLACEMENT SUMMARY
***

"A0":  place at start of [0x000000-0x0000ff] { rw section .vregs };
"A1":  place at end of [0x000000-0x0003ff] { block CSTACK };
"P2":  place in [from 0x000000 to 0x0003ff] {
          block HEAP, rw section __DLIB_PERTHREAD, rw section .far.bss,
          rw section .far.data, rw section .far.noinit,
          rw section .far_func.textrw, rw section .huge.bss,
          rw section .huge.data, rw section .huge.noinit,
          rw section .huge_func.textrw, rw section .iar.dynexit,
          rw section .near.bss, rw section .near.data, rw section .near.noinit,
          rw section .near_func.textrw };
"A2":  place at start of [0x008000-0x009fff] { block INTVEC };
"P3":  place in [from 0x008000 to 0x009fff] {
          ro section __DLIB_PERTHREAD_init, ro section .far.data_init,
          ro section .far_func.textrw_init, ro section .huge.data_init,
          ro section .huge_func.textrw_init, ro section .iar.init_table,
          ro section .init_array, ro section .near.data_init,
          ro section .near.rodata, ro section .near_func.text,
          ro section .near_func.textrw_init, ro section .tiny.data_init,
          ro section .tiny.rodata_init };
"P4":  place in [from 0x008000 to 0x009fff] {
          ro section .far.rodata, ro section .far_func.text };
"P5":  place in [from 0x008000 to 0x009fff] {
          ro section .huge.rodata, ro section .huge_func.text };
do not initialize {
   rw section .eeprom.noinit, rw section .far.noinit, rw section .huge.noinit,
   rw section .near.noinit, rw section .tiny.noinit, rw section .vregs };
initialize by copy {
   rw section .far.bss, rw section .far.data, rw section .far_func.textrw,
   rw section .huge.bss, rw section .huge.data, rw section .huge_func.textrw,
   rw section .iar.dynexit, rw section .near.bss, rw section .near.data,
   rw section .near_func.textrw, rw section .tiny.bss, rw section .tiny.data,
   ro section .tiny.rodata };

  Section            Kind      Address   Size  Object
  -------            ----      -------   ----  ------
"A0":                                    0x10
  .vregs             uninit   0x000000   0x10  vregs.o [4]
                            - 0x000010   0x10

"P2":                                     0xe
  P2-1                        0x000010    0xe  <Init block>
    .near.data       inited   0x000010    0x1  LoRa.o [1]
    .near.data       inited   0x000011    0x1  LoRa.o [1]
    .near.data       inited   0x000012    0x1  LoRa.o [1]
    .near.data       inited   0x000013    0x3  LoRa.o [1]
    .near.data       inited   0x000016    0x4  main.o [1]
    .near.bss        inited   0x00001a    0x2  LoRa.o [1]
    .near.bss        inited   0x00001c    0x1  main.o [1]
    .near.bss        inited   0x00001d    0x1  main.o [1]
                            - 0x00001e    0xe

"A1":                                   0x100
  CSTACK                      0x000300  0x100  <Block>
    CSTACK           uninit   0x000300  0x100  <Block tail>
                            - 0x000400  0x100

"A2":                                    0x80
  INTVEC                      0x008000   0x80  <Block>
    .intvec          const    0x008000   0x80  interrupt.o [4]
                            - 0x008080   0x80

"P3-P5":                                0xa2f
  .near_func.text    ro code  0x008080  0x153  LoRa.o [1]
  .near_func.text    ro code  0x0081d3   0xd5  main.o [1]
  .near_func.text    ro code  0x0082a8   0xca  stm8l15x_usart.o [1]
  .near_func.text    ro code  0x008372   0x96  vreg_util.o [4]
  .near_func.text    ro code  0x008408   0x94  stm8l15x_usart.o [1]
  .near_func.text    ro code  0x00849c   0x8e  stm8l15x_gpio.o [1]
  .near_func.text    ro code  0x00852a   0x8b  LoRa.o [1]
  .near_func.text    ro code  0x0085b5   0x89  stm8l15x_clk.o [1]
  .near_func.text    ro code  0x00863e   0x72  stm8l15x_clk.o [1]
  .near_func.text    ro code  0x0086b0   0x6d  long.o [4]
  .near_func.text    ro code  0x00871d   0x46  LoRa.o [1]
  .near_func.text    ro code  0x008763   0x46  sx1278.o [1]
  .near_func.text    ro code  0x0087a9   0x41  stm8l15x_spi.o [1]
  .near_func.text    ro code  0x0087ea   0x3f  sx1278.o [1]
  .near_func.text    ro code  0x008829   0x2f  sx1278.o [1]
  .near_func.text    ro code  0x008858   0x2b  sx1278.o [1]
  .near_func.text    ro code  0x008883   0x29  sx1278.o [1]
  .near_func.text    ro code  0x0088ac   0x28  init_small.o [4]
  .near_func.text    ro code  0x0088d4   0x27  stm8l15x_usart.o [1]
  .iar.init_table    const    0x0088fb    0xa  - Linker created -
  .near_func.text    ro code  0x008905   0x1c  long_util.o [4]
  .near_func.text    ro code  0x008921   0x1a  stm8l15x_spi.o [1]
  .near_func.text    ro code  0x00893b   0x1a  stm8l15x_spi.o [1]
  .near_func.text    ro code  0x008955   0x19  stm8l15x_spi.o [1]
  .near_func.text    ro code  0x00896e   0x14  init.o [4]
  .near_func.text    ro code  0x008982   0x14  __dbg_xxexit.o [3]
  .near_func.text    ro code  0x008996   0x13  cstartup.o [4]
  .near_func.text    ro code  0x0089a9   0x12  LoRa.o [1]
  .near_func.text    ro code  0x0089bb   0x12  LoRa.o [1]
  .near_func.text    ro code  0x0089cd   0x12  LoRa.o [1]
  .near_func.text    ro code  0x0089df   0x12  LoRa.o [1]
  .near_func.text    ro code  0x0089f1   0x12  stm8l15x_gpio.o [1]
  .near_func.text    ro code  0x008a03   0x10  LoRa.o [1]
  Initializer bytes  const    0x008a13    0xe  <for P2-1>
  .near_func.text    ro code  0x008a21    0xd  stm8l15x_clk.o [1]
  .near_func.text    ro code  0x008a2e    0xd  short.o [4]
  .near.rodata       const    0x008a3b    0xa  LoRa.o [1]
  .near_func.text    ro code  0x008a45    0x9  LoRa.o [1]
  .near.rodata       const    0x008a4e    0x7  LoRa.o [1]
  .near_func.text    ro code  0x008a55    0x7  stm8l15x_gpio.o [1]
  .near.rodata       const    0x008a5c    0x6  main.o [1]
  .near.rodata       const    0x008a62    0x5  main.o [1]
  .near.rodata       const    0x008a67    0x5  stm8l15x_clk.o [1]
  .near_func.text    ro code  0x008a6c    0x5  cexit.o [4]
  .near.rodata       const    0x008a71    0x4  LoRa.o [1]
  .near_func.text    ro code  0x008a75    0x4  stm8l15x_clk.o [1]
  .near_func.text    ro code  0x008a79    0x4  stm8l15x_clk.o [1]
  .near_func.text    ro code  0x008a7d    0x4  stm8l15x_gpio.o [1]
  .near_func.text    ro code  0x008a81    0x3  stm8l15x_usart.o [1]
  .near_func.text    ro code  0x008a84    0x3  interrupt.o [4]
  .near_func.text    ro code  0x008a87    0x3  low_level_init.o [4]
  .near_func.text    ro code  0x008a8a    0x3  exit.o [4]
  .near_func.text    ro code  0x008a8d    0x3  unhandled_exception.o [4]
  .near_func.text    ro code  0x008a90    0x1  stm8l15x_it.o [1]
  .near_func.text    ro code  0x008a91    0x1  stm8l15x_it.o [1]
  .near_func.text    ro code  0x008a92    0x1  stm8l15x_it.o [1]
  .near_func.text    ro code  0x008a93    0x1  stm8l15x_it.o [1]
  .near_func.text    ro code  0x008a94    0x1  stm8l15x_it.o [1]
  .near_func.text    ro code  0x008a95    0x1  stm8l15x_it.o [1]
  .near_func.text    ro code  0x008a96    0x1  stm8l15x_it.o [1]
  .near_func.text    ro code  0x008a97    0x1  stm8l15x_it.o [1]
  .near_func.text    ro code  0x008a98    0x1  stm8l15x_it.o [1]
  .near_func.text    ro code  0x008a99    0x1  stm8l15x_it.o [1]
  .near_func.text    ro code  0x008a9a    0x1  stm8l15x_it.o [1]
  .near_func.text    ro code  0x008a9b    0x1  stm8l15x_it.o [1]
  .near_func.text    ro code  0x008a9c    0x1  stm8l15x_it.o [1]
  .near_func.text    ro code  0x008a9d    0x1  stm8l15x_it.o [1]
  .near_func.text    ro code  0x008a9e    0x1  stm8l15x_it.o [1]
  .near_func.text    ro code  0x008a9f    0x1  stm8l15x_it.o [1]
  .near_func.text    ro code  0x008aa0    0x1  stm8l15x_it.o [1]
  .near_func.text    ro code  0x008aa1    0x1  stm8l15x_it.o [1]
  .near_func.text    ro code  0x008aa2    0x1  stm8l15x_it.o [1]
  .near_func.text    ro code  0x008aa3    0x1  stm8l15x_it.o [1]
  .near_func.text    ro code  0x008aa4    0x1  stm8l15x_it.o [1]
  .near_func.text    ro code  0x008aa5    0x1  stm8l15x_it.o [1]
  .near_func.text    ro code  0x008aa6    0x1  stm8l15x_it.o [1]
  .near_func.text    ro code  0x008aa7    0x1  stm8l15x_it.o [1]
  .near_func.text    ro code  0x008aa8    0x1  stm8l15x_it.o [1]
  .near_func.text    ro code  0x008aa9    0x1  stm8l15x_it.o [1]
  .near_func.text    ro code  0x008aaa    0x1  stm8l15x_it.o [1]
  .near_func.text    ro code  0x008aab    0x1  stm8l15x_it.o [1]
  .near_func.text    ro code  0x008aac    0x1  stm8l15x_it.o [1]
  .near_func.text    ro code  0x008aad    0x1  stm8l15x_it.o [1]
  .near_func.text    ro code  0x008aae    0x1  __dbg_break.o [3]
                            - 0x008aaf  0xa2f


*******************************************************************************
*** INIT TABLE
***

          Address   Size
          -------   ----
Copy (__iar_copy_init2)
    1 source range, total size 0xe:
          0x008a13   0xe
    1 destination range, total size 0xe:
          0x000010   0xe



*******************************************************************************
*** MODULE SUMMARY
***

    Module                 ro code  ro data  rw data
    ------                 -------  -------  -------
D:\Design\LoRa\程序\LoRaV1.0\LoRa\Debug\Obj: [1]
    LoRa.o                     645       29        8
    main.o                     213       17        6
    stm8l15x_clk.o             272        5
    stm8l15x_gpio.o            171
    stm8l15x_it.o               30
    stm8l15x_spi.o             142
    stm8l15x_usart.o           392
    sx1278.o                   264
    ------------------------------------------------
    Total:                   2 129       51       14

command line: [2]
    ------------------------------------------------
    Total:

dbgstm8smd.a: [3]
    __dbg_break.o                1
    __dbg_xxexit.o              20
    ------------------------------------------------
    Total:                      21

dlstm8smn.a: [4]
    cexit.o                      5
    cstartup.o                  19
    exit.o                       3
    init.o                      20
    init_small.o                40
    interrupt.o                  3      128
    long.o                     109
    long_util.o                 28
    low_level_init.o             3
    short.o                     13
    unhandled_exception.o        3
    vreg_util.o                150
    vregs.o                                       16
    ------------------------------------------------
    Total:                     396      128       16

    Linker created                       10      256
----------------------------------------------------
    Grand Total:             2 546      189      286


*******************************************************************************
*** ENTRY LIST
***

Entry                    Address   Size  Type      Object
-----                    -------   ----  ----      ------
.iar.init_table$$Base   0x0088fb          --   Gb  - Linker created -
.iar.init_table$$Limit  0x008905          --   Gb  - Linker created -
?b0                     0x000000         Data  Gb  vregs.o [4]
?b1                     0x000001         Data  Gb  vregs.o [4]
?b10                    0x00000a         Data  Gb  vregs.o [4]
?b11                    0x00000b         Data  Gb  vregs.o [4]
?b12                    0x00000c         Data  Gb  vregs.o [4]
?b13                    0x00000d         Data  Gb  vregs.o [4]
?b14                    0x00000e         Data  Gb  vregs.o [4]
?b15                    0x00000f         Data  Gb  vregs.o [4]
?b2                     0x000002         Data  Gb  vregs.o [4]
?b3                     0x000003         Data  Gb  vregs.o [4]
?b4                     0x000004         Data  Gb  vregs.o [4]
?b5                     0x000005         Data  Gb  vregs.o [4]
?b6                     0x000006         Data  Gb  vregs.o [4]
?b7                     0x000007         Data  Gb  vregs.o [4]
?b8                     0x000008         Data  Gb  vregs.o [4]
?b9                     0x000009         Data  Gb  vregs.o [4]
?e0                     0x000001         Data  Gb  vregs.o [4]
?e1                     0x000005         Data  Gb  vregs.o [4]
?e2                     0x000009         Data  Gb  vregs.o [4]
?e3                     0x00000d         Data  Gb  vregs.o [4]
?epilogue_l2            0x0083e6         Code  Gb  vreg_util.o [4]
?epilogue_l2_l3         0x0083e3         Code  Gb  vreg_util.o [4]
?epilogue_w4            0x0083ea         Code  Gb  vreg_util.o [4]
?l0                     0x000000         Data  Gb  vregs.o [4]
?l1                     0x000004         Data  Gb  vregs.o [4]
?l2                     0x000008         Data  Gb  vregs.o [4]
?l3                     0x00000c         Data  Gb  vregs.o [4]
?load32_l1_0x           0x008915         Code  Gb  long_util.o [4]
?load32_l1_asp          0x00890a         Code  Gb  long_util.o [4]
?load32_l1_dbsp         0x008905         Code  Gb  long_util.o [4]
?load32_l1_xsp          0x00890c         Code  Gb  long_util.o [4]
?mov_e0_e2              0x0083f1         Code  Gb  vreg_util.o [4]
?mov_e3_e0              0x0083fe         Code  Gb  vreg_util.o [4]
?mov_l0_l2              0x0083ee         Code  Gb  vreg_util.o [4]
?mov_l3_l0              0x0083fb         Code  Gb  vreg_util.o [4]
?mov_w1_w5              0x0083f4         Code  Gb  vreg_util.o [4]
?mov_w7_w1              0x008401         Code  Gb  vreg_util.o [4]
?pop_l2                 0x0083c5         Code  Gb  vreg_util.o [4]
?pop_l3                 0x0083d0         Code  Gb  vreg_util.o [4]
?pop_w4                 0x00838a         Code  Gb  vreg_util.o [4]
?push_l0                0x008399         Code  Gb  vreg_util.o [4]
?push_l2                0x00839e         Code  Gb  vreg_util.o [4]
?push_l3                0x0083a3         Code  Gb  vreg_util.o [4]
?push_w4                0x008372         Code  Gb  vreg_util.o [4]
?sll16_x_x_a            0x008a2e         Code  Gb  short.o [4]
?srl16_x_x_4            0x008a36         Code  Gb  short.o [4]
?udiv32_l0_l0_l1        0x0086b0         Code  Gb  long.o [4]
?umod32_l1_l0_l1        0x0086b0         Code  Gb  long.o [4]
?w0                     0x000000         Data  Gb  vregs.o [4]
?w1                     0x000002         Data  Gb  vregs.o [4]
?w2                     0x000004         Data  Gb  vregs.o [4]
?w3                     0x000006         Data  Gb  vregs.o [4]
?w4                     0x000008         Data  Gb  vregs.o [4]
?w5                     0x00000a         Data  Gb  vregs.o [4]
?w6                     0x00000c         Data  Gb  vregs.o [4]
?w7                     0x00000e         Data  Gb  vregs.o [4]
ADC1_COMP_IRQHandler    0x008aa2    0x1  Code  Gb  stm8l15x_it.o [1]
BandWide_Sel            0x000012    0x1  Data  Gb  LoRa.o [1]
BurstWrite              0x008763   0x46  Code  Gb  sx1278.o [1]
CLK_GetClockFreq        0x00863e   0x72  Code  Gb  stm8l15x_clk.o [1]
CLK_HSICmd              0x008a21    0xd  Code  Gb  stm8l15x_clk.o [1]
CLK_PeripheralClockConfig
                        0x0085b5   0x89  Code  Gb  stm8l15x_clk.o [1]
CLK_SYSCLKDivConfig     0x008a79    0x4  Code  Gb  stm8l15x_clk.o [1]
CLK_SYSCLKSourceConfig  0x008a75    0x4  Code  Gb  stm8l15x_clk.o [1]
CSTACK$$Base            0x000300          --   Gb  - Linker created -
CSTACK$$Limit           0x000400          --   Gb  - Linker created -
DMA1_CHANNEL0_1_IRQHandler
                        0x008a92    0x1  Code  Gb  stm8l15x_it.o [1]
DMA1_CHANNEL2_3_IRQHandler
                        0x008a93    0x1  Code  Gb  stm8l15x_it.o [1]
Delay                   0x008a03   0x10  Code  Gb  LoRa.o [1]
EXTI0_IRQHandler        0x008a98    0x1  Code  Gb  stm8l15x_it.o [1]
EXTI1_IRQHandler        0x008a99    0x1  Code  Gb  stm8l15x_it.o [1]
EXTI2_IRQHandler        0x008a9a    0x1  Code  Gb  stm8l15x_it.o [1]
EXTI3_IRQHandler        0x008a9b    0x1  Code  Gb  stm8l15x_it.o [1]
EXTI4_IRQHandler        0x008a9c    0x1  Code  Gb  stm8l15x_it.o [1]
EXTI5_IRQHandler        0x008a9d    0x1  Code  Gb  stm8l15x_it.o [1]
EXTI6_IRQHandler        0x008a9e    0x1  Code  Gb  stm8l15x_it.o [1]
EXTI7_IRQHandler        0x008a9f    0x1  Code  Gb  stm8l15x_it.o [1]
EXTIB_G_IRQHandler      0x008a96    0x1  Code  Gb  stm8l15x_it.o [1]
EXTID_H_IRQHandler      0x008a97    0x1  Code  Gb  stm8l15x_it.o [1]
EXTIE_F_PVD_IRQHandler  0x008a95    0x1  Code  Gb  stm8l15x_it.o [1]
FLASH_IRQHandler        0x008a91    0x1  Code  Gb  stm8l15x_it.o [1]
GPIO_Init               0x00849c   0x8e  Code  Gb  stm8l15x_gpio.o [1]
GPIO_ResetBits          0x008a7d    0x4  Code  Gb  stm8l15x_gpio.o [1]
GPIO_SetBits            0x008a55    0x7  Code  Gb  stm8l15x_gpio.o [1]
GPIO_WriteBit           0x0089f1   0x12  Code  Gb  stm8l15x_gpio.o [1]
Get_SX1278_IRQ_Status   0x0089a9   0x12  Code  Gb  LoRa.o [1]
I2C1_SPI2_IRQHandler    0x008aad    0x1  Code  Gb  stm8l15x_it.o [1]
INTVEC$$Base            0x008000          --   Gb  - Linker created -
INTVEC$$Limit           0x008080          --   Gb  - Linker created -
LCD_AES_IRQHandler      0x008aa0    0x1  Code  Gb  stm8l15x_it.o [1]
Lora_Rate_Sel           0x000011    0x1  Data  Gb  LoRa.o [1]
Power_Sel               0x000010    0x1  Data  Gb  LoRa.o [1]
RTC_CSSLSE_IRQHandler   0x008a94    0x1  Code  Gb  stm8l15x_it.o [1]
Region$$Table$$Base     0x0088fb          --   Gb  - Linker created -
Region$$Table$$Limit    0x008905          --   Gb  - Linker created -
SPI1_IRQHandler         0x008aaa    0x1  Code  Gb  stm8l15x_it.o [1]
SPICmd8bit              0x008829   0x2f  Code  Gb  sx1278.o [1]
SPIInit                 0x0087ea   0x3f  Code  Gb  sx1278.o [1]
SPIRead                 0x008883   0x29  Code  Gb  sx1278.o [1]
SPIWrite                0x008858   0x2b  Code  Gb  sx1278.o [1]
SPI_Cmd                 0x00893b    0xd  Code  Gb  stm8l15x_spi.o [1]
SPI_DeInit              0x008921   0x1a  Code  Gb  stm8l15x_spi.o [1]
SPI_GetFlagStatus       0x008955   0x19  Code  Gb  stm8l15x_spi.o [1]
SPI_Init                0x0087a9   0x41  Code  Gb  stm8l15x_spi.o [1]
SPI_ReceiveData         0x008950    0x5  Code  Gb  stm8l15x_spi.o [1]
SPI_SendData            0x008948    0x8  Code  Gb  stm8l15x_spi.o [1]
SWITCH_CSS_BREAK_DAC_IRQHandler
                        0x008aa1    0x1  Code  Gb  stm8l15x_it.o [1]
SYSDivFactor            0x008a67    0x5  Data  Gb  stm8l15x_clk.o [1]
Status                  0x000016    0x4  Data  Gb  main.o [1]
SysTime                 0x00001a    0x2  Data  Gb  LoRa.o [1]
TIM1_CC_IRQHandler      0x008aa8    0x1  Code  Gb  stm8l15x_it.o [1]
TIM1_UPD_OVF_TRG_COM_IRQHandler
                        0x008aa7    0x1  Code  Gb  stm8l15x_it.o [1]
TIM2_CC_USART2_RX_IRQHandler
                        0x008aa4    0x1  Code  Gb  stm8l15x_it.o [1]
TIM2_UPD_OVF_TRG_BRK_USART2_TX_IRQHandler
                        0x008aa3    0x1  Code  Gb  stm8l15x_it.o [1]
TIM3_CC_USART3_RX_IRQHandler
                        0x008aa6    0x1  Code  Gb  stm8l15x_it.o [1]
TIM3_UPD_OVF_TRG_BRK_USART3_TX_IRQHandler
                        0x008aa5    0x1  Code  Gb  stm8l15x_it.o [1]
TIM4_UPD_OVF_TRG_IRQHandler
                        0x008aa9    0x1  Code  Gb  stm8l15x_it.o [1]
TRAP_IRQHandler         0x008a90    0x1  Code  Gb  stm8l15x_it.o [1]
USART1_RX_TIM5_CC_IRQHandler
                        0x008aac    0x1  Code  Gb  stm8l15x_it.o [1]
USART1_TX_TIM5_UPD_OVF_TRG_BRK_IRQHandler
                        0x008aab    0x1  Code  Gb  stm8l15x_it.o [1]
USART_Cmd               0x0088d4   0x27  Code  Gb  stm8l15x_usart.o [1]
USART_ITConfig          0x008408   0x94  Code  Gb  stm8l15x_usart.o [1]
USART_Init              0x0082a8   0xca  Code  Gb  stm8l15x_usart.o [1]
USART_SendData8         0x008a81    0x3  Code  Gb  stm8l15x_usart.o [1]
__DebugBreak            0x008aae    0x1  Code  Gb  __dbg_break.o [3]
__exit                  0x008982   0x14  Code  Gb  __dbg_xxexit.o [3]
__iar_copy_init2        0x0088ac         Code  Gb  init_small.o [4]
__iar_data_init2        0x00896e   0x14  Code  Gb  init.o [4]
__iar_program_start     0x008996         Code  Gb  cstartup.o [4]
__iar_unhandled_exception
                        0x008a8d         Code  Gb  unhandled_exception.o [4]
__intvec                0x008000         Data  Gb  interrupt.o [4]
__low_level_init        0x008a87    0x3  Code  Gb  low_level_init.o [4]
_exit                   0x008a6c         Code  Gb  cexit.o [4]
_interrupt_1            0x008a90         Code  Gb  stm8l15x_it.o [1]
_interrupt_10           0x008a98         Code  Gb  stm8l15x_it.o [1]
_interrupt_11           0x008a99         Code  Gb  stm8l15x_it.o [1]
_interrupt_12           0x008a9a         Code  Gb  stm8l15x_it.o [1]
_interrupt_13           0x008a9b         Code  Gb  stm8l15x_it.o [1]
_interrupt_14           0x008a9c         Code  Gb  stm8l15x_it.o [1]
_interrupt_15           0x008a9d         Code  Gb  stm8l15x_it.o [1]
_interrupt_16           0x008a9e         Code  Gb  stm8l15x_it.o [1]
_interrupt_17           0x008a9f         Code  Gb  stm8l15x_it.o [1]
_interrupt_18           0x008aa0         Code  Gb  stm8l15x_it.o [1]
_interrupt_19           0x008aa1         Code  Gb  stm8l15x_it.o [1]
_interrupt_20           0x008aa2         Code  Gb  stm8l15x_it.o [1]
_interrupt_21           0x008aa3         Code  Gb  stm8l15x_it.o [1]
_interrupt_22           0x008aa4         Code  Gb  stm8l15x_it.o [1]
_interrupt_23           0x008aa5         Code  Gb  stm8l15x_it.o [1]
_interrupt_24           0x008aa6         Code  Gb  stm8l15x_it.o [1]
_interrupt_25           0x008aa7         Code  Gb  stm8l15x_it.o [1]
_interrupt_26           0x008aa8         Code  Gb  stm8l15x_it.o [1]
_interrupt_27           0x008aa9         Code  Gb  stm8l15x_it.o [1]
_interrupt_28           0x008aaa         Code  Gb  stm8l15x_it.o [1]
_interrupt_29           0x008aab         Code  Gb  stm8l15x_it.o [1]
_interrupt_3            0x008a91         Code  Gb  stm8l15x_it.o [1]
_interrupt_30           0x008aac         Code  Gb  stm8l15x_it.o [1]
_interrupt_31           0x008aad         Code  Gb  stm8l15x_it.o [1]
_interrupt_4            0x008a92         Code  Gb  stm8l15x_it.o [1]
_interrupt_5            0x008a93         Code  Gb  stm8l15x_it.o [1]
_interrupt_6            0x008a94         Code  Gb  stm8l15x_it.o [1]
_interrupt_7            0x008a95         Code  Gb  stm8l15x_it.o [1]
_interrupt_8            0x008a96         Code  Gb  stm8l15x_it.o [1]
_interrupt_9            0x008a97         Code  Gb  stm8l15x_it.o [1]
data                    0x00001c    0x1  Data  Gb  main.o [1]
exit                    0x008a8a    0x3  Code  Gb  exit.o [4]
main                    0x0081d3   0xd5  Code  Gb  main.o [1]
rdata                   0x00001d    0x1  Data  Gb  main.o [1]
sx1276_7_8FreqTbl       0x000013    0x3  Data  Gb  LoRa.o [1]
sx1276_7_8LoRaBwTbl     0x008a3b    0xa  Data  Gb  LoRa.o [1]
sx1276_7_8PowerTbl      0x008a71    0x4  Data  Gb  LoRa.o [1]
sx1276_7_8SpreadFactorTbl
                        0x008a4e    0x7  Data  Gb  LoRa.o [1]
sx1276_7_8_Config       0x008080  0x153  Code  Gb  LoRa.o [1]
sx1276_7_8_EntryLoRa    0x0089df   0x12  Code  Gb  LoRa.o [1]
sx1276_7_8_LoRaClearIrq
                        0x008a45    0x9  Code  Gb  LoRa.o [1]
sx1276_7_8_LoRaEntryTx  0x00852a   0x8b  Code  Gb  LoRa.o [1]
sx1276_7_8_LoRaTxPacket
                        0x00871d   0x46  Code  Gb  LoRa.o [1]
sx1276_7_8_Sleep        0x0089cd   0x12  Code  Gb  LoRa.o [1]
sx1276_7_8_Standby      0x0089bb   0x12  Code  Gb  LoRa.o [1]


[1] = D:\Design\LoRa\程序\LoRaV1.0\LoRa\Debug\Obj
[2] = command line
[3] = dbgstm8smd.a
[4] = dlstm8smn.a

  2 546 bytes of readonly  code memory
    189 bytes of readonly  data memory
    286 bytes of readwrite data memory

Errors: none
Warnings: none
